// Jest Snapshot v1, https://goo.gl/fbAQLP

exports[`TicketStatus renders without crashing 1`] = `
.c0 {
  display: -webkit-box;
  display: -webkit-flex;
  display: -ms-flexbox;
  display: flex;
  -webkit-align-items: center;
  -webkit-box-align: center;
  -ms-flex-align: center;
  align-items: center;
  margin-top: 10px;
}

.c1 {
  width: 18px;
  height: 18px;
  border-radius: 50%;
  background-color: #242424;
  margin-right: 10px;
}

.c3 {
  width: 18px;
  height: 18px;
  border-radius: 50%;
  background-color: #fff;
  margin-right: 10px;
}

.c2 {
  color: #fff;
}

<Memo(TicketStatus)>
  <styled.div>
    <StyledComponent
      forwardedComponent={
        Object {
          "$$typeof": Symbol(react.forward_ref),
          "attrs": Array [],
          "componentStyle": ComponentStyle {
            "componentId": "sc-bdVaJa",
            "isStatic": false,
            "lastClassName": "bDWFJH",
            "rules": Array [],
          },
          "displayName": "styled.div",
          "foldedComponentIds": Array [],
          "render": [Function],
          "styledComponentId": "sc-bdVaJa",
          "target": "div",
          "toString": [Function],
          "warnTooManyClasses": [Function],
          "withComponent": [Function],
        }
      }
      forwardedRef={null}
    >
      <div
        className=""
      >
        <styled.div>
          <StyledComponent
            forwardedComponent={
              Object {
                "$$typeof": Symbol(react.forward_ref),
                "attrs": Array [],
                "componentStyle": ComponentStyle {
                  "componentId": "sc-bwzfXH",
                  "isStatic": false,
                  "lastClassName": "c0",
                  "rules": Array [
                    "
  display: flex;
  align-items: center;
  margin-top: 10px;
",
                  ],
                },
                "displayName": "styled.div",
                "foldedComponentIds": Array [],
                "render": [Function],
                "styledComponentId": "sc-bwzfXH",
                "target": "div",
                "toString": [Function],
                "warnTooManyClasses": [Function],
                "withComponent": [Function],
              }
            }
            forwardedRef={null}
          >
            <div
              className="c0"
            >
              <styled.div
                color="#242424"
              >
                <StyledComponent
                  color="#242424"
                  forwardedComponent={
                    Object {
                      "$$typeof": Symbol(react.forward_ref),
                      "attrs": Array [],
                      "componentStyle": ComponentStyle {
                        "componentId": "sc-htpNat",
                        "isStatic": false,
                        "lastClassName": "c3",
                        "rules": Array [
                          "
  width: 18px;
  height: 18px;
  border-radius: 50%;
  background-color: ",
                          [Function],
                          ";
  margin-right: 10px;
",
                        ],
                      },
                      "displayName": "styled.div",
                      "foldedComponentIds": Array [],
                      "render": [Function],
                      "styledComponentId": "sc-htpNat",
                      "target": "div",
                      "toString": [Function],
                      "warnTooManyClasses": [Function],
                      "withComponent": [Function],
                    }
                  }
                  forwardedRef={null}
                >
                  <div
                    className="c1"
                    color="#242424"
                  />
                </StyledComponent>
              </styled.div>
              <styled.span>
                <StyledComponent
                  forwardedComponent={
                    Object {
                      "$$typeof": Symbol(react.forward_ref),
                      "attrs": Array [],
                      "componentStyle": ComponentStyle {
                        "componentId": "sc-bxivhb",
                        "isStatic": false,
                        "lastClassName": "c2",
                        "rules": Array [
                          "
  color: ",
                          "#fff",
                          ";
",
                        ],
                      },
                      "displayName": "styled.span",
                      "foldedComponentIds": Array [],
                      "render": [Function],
                      "styledComponentId": "sc-bxivhb",
                      "target": "span",
                      "toString": [Function],
                      "warnTooManyClasses": [Function],
                      "withComponent": [Function],
                    }
                  }
                  forwardedRef={null}
                >
                  <span
                    className="c2"
                  >
                    Đã đặt
                  </span>
                </StyledComponent>
              </styled.span>
            </div>
          </StyledComponent>
        </styled.div>
        <styled.div>
          <StyledComponent
            forwardedComponent={
              Object {
                "$$typeof": Symbol(react.forward_ref),
                "attrs": Array [],
                "componentStyle": ComponentStyle {
                  "componentId": "sc-bwzfXH",
                  "isStatic": false,
                  "lastClassName": "c0",
                  "rules": Array [
                    "
  display: flex;
  align-items: center;
  margin-top: 10px;
",
                  ],
                },
                "displayName": "styled.div",
                "foldedComponentIds": Array [],
                "render": [Function],
                "styledComponentId": "sc-bwzfXH",
                "target": "div",
                "toString": [Function],
                "warnTooManyClasses": [Function],
                "withComponent": [Function],
              }
            }
            forwardedRef={null}
          >
            <div
              className="c0"
            >
              <styled.div
                color="#fff"
              >
                <StyledComponent
                  color="#fff"
                  forwardedComponent={
                    Object {
                      "$$typeof": Symbol(react.forward_ref),
                      "attrs": Array [],
                      "componentStyle": ComponentStyle {
                        "componentId": "sc-htpNat",
                        "isStatic": false,
                        "lastClassName": "c3",
                        "rules": Array [
                          "
  width: 18px;
  height: 18px;
  border-radius: 50%;
  background-color: ",
                          [Function],
                          ";
  margin-right: 10px;
",
                        ],
                      },
                      "displayName": "styled.div",
                      "foldedComponentIds": Array [],
                      "render": [Function],
                      "styledComponentId": "sc-htpNat",
                      "target": "div",
                      "toString": [Function],
                      "warnTooManyClasses": [Function],
                      "withComponent": [Function],
                    }
                  }
                  forwardedRef={null}
                >
                  <div
                    className="c3"
                    color="#fff"
                  />
                </StyledComponent>
              </styled.div>
              <styled.span>
                <StyledComponent
                  forwardedComponent={
                    Object {
                      "$$typeof": Symbol(react.forward_ref),
                      "attrs": Array [],
                      "componentStyle": ComponentStyle {
                        "componentId": "sc-bxivhb",
                        "isStatic": false,
                        "lastClassName": "c2",
                        "rules": Array [
                          "
  color: ",
                          "#fff",
                          ";
",
                        ],
                      },
                      "displayName": "styled.span",
                      "foldedComponentIds": Array [],
                      "render": [Function],
                      "styledComponentId": "sc-bxivhb",
                      "target": "span",
                      "toString": [Function],
                      "warnTooManyClasses": [Function],
                      "withComponent": [Function],
                    }
                  }
                  forwardedRef={null}
                >
                  <span
                    className="c2"
                  >
                    Đang chọn
                  </span>
                </StyledComponent>
              </styled.span>
            </div>
          </StyledComponent>
        </styled.div>
      </div>
    </StyledComponent>
  </styled.div>
</Memo(TicketStatus)>
`;
